Copyright 1986-2018 Xilinx, Inc. All Rights Reserved.
-------------------------------------------------------------------------------------
| Tool Version : Vivado v.2018.1 (win64) Build 2188600 Wed Apr  4 18:40:38 MDT 2018
| Date         : Sun Sep 30 15:22:15 2018
| Host         : LAPTOP-1651HT6I running 64-bit major release  (build 9200)
| Command      : report_control_sets -verbose -file boardTop_control_sets_placed.rpt
| Design       : boardTop
| Device       : xc7a100t
-------------------------------------------------------------------------------------

Control Set Information

Table of Contents
-----------------
1. Summary
2. Histogram
3. Flip-Flop Distribution
4. Detailed Control Set Information

1. Summary
----------

+----------------------------------------------------------+-------+
|                          Status                          | Count |
+----------------------------------------------------------+-------+
| Number of unique control sets                            |     9 |
| Unused register locations in slices containing registers |    31 |
+----------------------------------------------------------+-------+


2. Histogram
------------

+--------+--------------+
| Fanout | Control Sets |
+--------+--------------+
|      1 |            1 |
|      2 |            1 |
|      4 |            2 |
|      6 |            2 |
|      8 |            1 |
|    16+ |            2 |
+--------+--------------+


3. Flip-Flop Distribution
-------------------------

+--------------+-----------------------+------------------------+-----------------+--------------+
| Clock Enable | Synchronous Set/Reset | Asynchronous Set/Reset | Total Registers | Total Slices |
+--------------+-----------------------+------------------------+-----------------+--------------+
| No           | No                    | No                     |               8 |            4 |
| No           | No                    | Yes                    |              42 |           14 |
| No           | Yes                   | No                     |               1 |            1 |
| Yes          | No                    | No                     |              10 |            5 |
| Yes          | No                    | Yes                    |               0 |            0 |
| Yes          | Yes                   | No                     |              12 |            4 |
+--------------+-----------------------+------------------------+-----------------+--------------+


4. Detailed Control Set Information
-----------------------------------

+--------------------------------+----------------------------------+----------------------------------+------------------+----------------+
|          Clock Signal          |           Enable Signal          |         Set/Reset Signal         | Slice Load Count | Bel Load Count |
+--------------------------------+----------------------------------+----------------------------------+------------------+----------------+
|  scaledClk_BUFG                |                                  | keypad/ColOn_reg[1]              |                1 |              1 |
| ~keypad/logic_analyzer_OBUF[4] |                                  |                                  |                2 |              2 |
| ~keypad/logic_analyzer_OBUF[4] | keypad/runningSum_reg[7]         |                                  |                2 |              4 |
| ~keypad/logic_analyzer_OBUF[4] | keypad/runningSum_reg[7]         | calculator/runningSum[6]_i_1_n_0 |                2 |              4 |
|  scaledClk_BUFG                |                                  |                                  |                2 |              6 |
|  scaledClk_BUFG                | keypad/depressedState[1]_i_1_n_0 |                                  |                3 |              6 |
| ~keypad/logic_analyzer_OBUF[4] | keypad/value0_reg[3]             | calculator/value0[3]_i_1_n_0     |                2 |              8 |
|  clk100mhz_IBUF_BUFG           |                                  | pushButtons_IBUF[3]              |                4 |             16 |
|  scaledClk_BUFG                |                                  | pushButtons_IBUF[3]              |               10 |             26 |
+--------------------------------+----------------------------------+----------------------------------+------------------+----------------+


